// Jest Snapshot v1, https://goo.gl/fbAQLP

exports[`Home snapshot test renders correctly 1`] = `
<div>
  <h1>
    React-boilerplate
  </h1>
  <img
    alt="react-icon"
    src=""
  />
  <p>
    Welcome to simple react boilerplate.
  </p>
  <a
    href="https://github.com/Godsenal/react-boilerplate"
  >
    Github
  </a>
  <p>
    Example
  </p>
  <a
    href="/todo"
    onClick={[Function]}
  >
    TODO
  </a>
</div>
`;
